
[1m[46m RUN [49m[22m [36mv3.2.4 [39m[90mC:/Users/israe/OneDrive/Documentos/Projetos/Trabalho/Acompanhamento[39m

 [31mÔØ»[39m tests/app.test.ts [2m([22m[2m17 tests[22m[2m | [22m[31m2 failed[39m[2m)[22m[33m 6068[2mms[22m[39m
   [32mÔ£ô[39m SinSidebarApp[2m > [22mhydrates idempotently and reuses cache for the same context[32m 277[2mms[22m[39m
   [32mÔ£ô[39m SinSidebarApp[2m > [22muses scoped observation by default instead of observing the whole body[32m 165[2mms[22m[39m
   [32mÔ£ô[39m SinSidebarApp[2m > [22mpersists the toggle and reopens the sidebar when clicked again[32m 235[2mms[22m[39m
   [32mÔ£ô[39m SinSidebarApp[2m > [22mrefreshes after ASP.NET endRequest in semi-auto mode[32m 76[2mms[22m[39m
   [32mÔ£ô[39m SinSidebarApp[2m > [22mshows iframe fallback only after explicit user action[32m 165[2mms[22m[39m
   [32mÔ£ô[39m SinSidebarApp[2m > [22minline button renders iframe fallback without fetching again[32m 188[2mms[22m[39m
   [32mÔ£ô[39m SinSidebarApp[2m > [22mkeeps mouse-wheel scrolling inside the panel body when content overflows[32m 228[2mms[22m[39m
   [32mÔ£ô[39m SinSidebarApp[2m > [22mshows all events and no empty state even if history has no yellow comments[32m 178[2mms[22m[39m
   [32mÔ£ô[39m SinSidebarApp[2m > [22mwaits for the native acompanhamento link instead of fetching from summary-only context[32m 20[2mms[22m[39m
   [32mÔ£ô[39m SinSidebarApp[2m > [22mblocks rendering when the returned Historico form[action] has a different Id[32m 170[2mms[22m[39m
   [32mÔ£ô[39m SinSidebarApp[2m > [22mpreserves the native k token when fetching and validating the history[32m 220[2mms[22m[39m
[31m   [31m├ù[31m SinSidebarApp[2m > [22mclears old comments while the next item context is still unstable[39m[33m 356[2mms[22m[39m
[31m     ÔåÆ expected ÔÇª(1) to have a length of +0 but got 1[39m
[31m   [31m├ù[31m SinSidebarApp[2m > [22mdoes not let a stale fetch from the previous item overwrite the current one[39m[32m 129[2mms[22m[39m
[31m     ÔåÆ the given combination of arguments (undefined and string) is invalid for this assertion. You can use an array, a map, an object, a set, a string, or a weakset instead of a string[39m
   [32mÔ£ô[39m SinSidebarApp[2m > [22mrenders attention highlight styles when yellow comments mention NCM-like content[32m 159[2mms[22m[39m
   [32mÔ£ô[39m SinSidebarApp[2m > [22mshows session error when fetch returns a Klassmatt error page (Erro.aspx)[32m 179[2mms[22m[39m
   [32mÔ£ô[39m SinSidebarApp[2m > [22mshows session error when fetch is silently redirected away from Historico.aspx[32m 157[2mms[22m[39m
   [33m[2mÔ£ô[22m[39m SinSidebarApp[2m > [22mshows actionable message when fetch fails with network error [33m 3166[2mms[22m[39m

ÔÄ»ÔÄ»ÔÄ»ÔÄ»ÔÄ»ÔÄ»ÔÄ» Failed Tests 2 ÔÄ»ÔÄ»ÔÄ»ÔÄ»ÔÄ»ÔÄ»ÔÄ»

 FAIL  tests/app.test.ts > SinSidebarApp > clears old comments while the next item context is still unstable
AssertionError: expected ÔÇª(1) to have a length of +0 but got 1

- Expected
+ Received

- 0
+ 1

 ÔØ» tests/app.test.ts:412:55
    410|     expect(fetchMock).toHaveBeenCalledTimes(2);
    411|     expect(document.querySelector('.km-sin-meta')?.textContent).toContÔÇª
    412|     expect(document.querySelectorAll('.km-sin-item')).toHaveLength(0);
       |                                                       ^
    413|     expect(document.querySelector('.km-sin-empty')?.textContent).toConÔÇª
    414|     app.destroy();

ÔÄ»ÔÄ»ÔÄ»ÔÄ»ÔÄ»ÔÄ»ÔÄ»ÔÄ»ÔÄ»ÔÄ»ÔÄ»ÔÄ»ÔÄ»ÔÄ»ÔÄ»ÔÄ»ÔÄ»ÔÄ»ÔÄ»ÔÄ»ÔÄ»ÔÄ»ÔÄ»ÔÄ»[1/2]ÔÄ»

 FAIL  tests/app.test.ts > SinSidebarApp > does not let a stale fetch from the previous item overwrite the current one
AssertionError: the given combination of arguments (undefined and string) is invalid for this assertion. You can use an array, a map, an object, a set, a string, or a weakset instead of a string
 ÔØ» tests/app.test.ts:477:66
    475|     expect(document.querySelector('.km-sin-meta')?.textContent).toContÔÇª
    476|     expect(document.querySelectorAll('.km-sin-item')).toHaveLength(1);
    477|     expect(document.querySelector('.km-sin-empty')?.textContent).toConÔÇª
       |                                                                  ^
    478|     app.destroy();
    479|   });

ÔÄ»ÔÄ»ÔÄ»ÔÄ»ÔÄ»ÔÄ»ÔÄ»ÔÄ»ÔÄ»ÔÄ»ÔÄ»ÔÄ»ÔÄ»ÔÄ»ÔÄ»ÔÄ»ÔÄ»ÔÄ»ÔÄ»ÔÄ»ÔÄ»ÔÄ»ÔÄ»ÔÄ»[2/2]ÔÄ»


[2m Test Files [22m [1m[31m1 failed[39m[22m[90m (1)[39m
[2m      Tests [22m [1m[31m2 failed[39m[22m[2m | [22m[1m[32m15 passed[39m[22m[90m (17)[39m
[2m   Start at [22m 11:57:11
[2m   Duration [22m 9.44s[2m (transform 294ms, setup 0ms, collect 556ms, tests 6.07s, environment 1.83s, prepare 380ms)[22m

